Archive member included to satisfy reference by file (symbol)

D:/Software/STM32CubeIDE/STM32CubeIDE/plugins/com.st.stm32cube.ide.mcu.externaltools.gnu-tools-for-stm32.11.3.rel1.win32_1.1.0.202305231506/tools/bin/../lib/gcc/arm-none-eabi/11.3.1/../../../../arm-none-eabi/lib/thumb/v7e-m+fp/hard\libc_nano.a(libc_a-exit.o)
                              D:/Software/STM32CubeIDE/STM32CubeIDE/plugins/com.st.stm32cube.ide.mcu.externaltools.gnu-tools-for-stm32.11.3.rel1.win32_1.1.0.202305231506/tools/bin/../lib/gcc/arm-none-eabi/11.3.1/../../../../arm-none-eabi/lib/thumb/v7e-m+fp/hard/crt0.o (exit)
D:/Software/STM32CubeIDE/STM32CubeIDE/plugins/com.st.stm32cube.ide.mcu.externaltools.gnu-tools-for-stm32.11.3.rel1.win32_1.1.0.202305231506/tools/bin/../lib/gcc/arm-none-eabi/11.3.1/../../../../arm-none-eabi/lib/thumb/v7e-m+fp/hard\libc_nano.a(libc_a-findfp.o)
                              D:/Software/STM32CubeIDE/STM32CubeIDE/plugins/com.st.stm32cube.ide.mcu.externaltools.gnu-tools-for-stm32.11.3.rel1.win32_1.1.0.202305231506/tools/bin/../lib/gcc/arm-none-eabi/11.3.1/../../../../arm-none-eabi/lib/thumb/v7e-m+fp/hard\libc_nano.a(libc_a-exit.o) (__stdio_exit_handler)
D:/Software/STM32CubeIDE/STM32CubeIDE/plugins/com.st.stm32cube.ide.mcu.externaltools.gnu-tools-for-stm32.11.3.rel1.win32_1.1.0.202305231506/tools/bin/../lib/gcc/arm-none-eabi/11.3.1/../../../../arm-none-eabi/lib/thumb/v7e-m+fp/hard\libc_nano.a(libc_a-fwalk.o)
                              D:/Software/STM32CubeIDE/STM32CubeIDE/plugins/com.st.stm32cube.ide.mcu.externaltools.gnu-tools-for-stm32.11.3.rel1.win32_1.1.0.202305231506/tools/bin/../lib/gcc/arm-none-eabi/11.3.1/../../../../arm-none-eabi/lib/thumb/v7e-m+fp/hard\libc_nano.a(libc_a-findfp.o) (_fwalk_sglue)
D:/Software/STM32CubeIDE/STM32CubeIDE/plugins/com.st.stm32cube.ide.mcu.externaltools.gnu-tools-for-stm32.11.3.rel1.win32_1.1.0.202305231506/tools/bin/../lib/gcc/arm-none-eabi/11.3.1/../../../../arm-none-eabi/lib/thumb/v7e-m+fp/hard\libc_nano.a(libc_a-stdio.o)
                              D:/Software/STM32CubeIDE/STM32CubeIDE/plugins/com.st.stm32cube.ide.mcu.externaltools.gnu-tools-for-stm32.11.3.rel1.win32_1.1.0.202305231506/tools/bin/../lib/gcc/arm-none-eabi/11.3.1/../../../../arm-none-eabi/lib/thumb/v7e-m+fp/hard\libc_nano.a(libc_a-findfp.o) (__sread)
D:/Software/STM32CubeIDE/STM32CubeIDE/plugins/com.st.stm32cube.ide.mcu.externaltools.gnu-tools-for-stm32.11.3.rel1.win32_1.1.0.202305231506/tools/bin/../lib/gcc/arm-none-eabi/11.3.1/../../../../arm-none-eabi/lib/thumb/v7e-m+fp/hard\libc_nano.a(libc_a-memset.o)
                              D:/Software/STM32CubeIDE/STM32CubeIDE/plugins/com.st.stm32cube.ide.mcu.externaltools.gnu-tools-for-stm32.11.3.rel1.win32_1.1.0.202305231506/tools/bin/../lib/gcc/arm-none-eabi/11.3.1/../../../../arm-none-eabi/lib/thumb/v7e-m+fp/hard/crt0.o (memset)
D:/Software/STM32CubeIDE/STM32CubeIDE/plugins/com.st.stm32cube.ide.mcu.externaltools.gnu-tools-for-stm32.11.3.rel1.win32_1.1.0.202305231506/tools/bin/../lib/gcc/arm-none-eabi/11.3.1/../../../../arm-none-eabi/lib/thumb/v7e-m+fp/hard\libc_nano.a(libc_a-closer.o)
                              D:/Software/STM32CubeIDE/STM32CubeIDE/plugins/com.st.stm32cube.ide.mcu.externaltools.gnu-tools-for-stm32.11.3.rel1.win32_1.1.0.202305231506/tools/bin/../lib/gcc/arm-none-eabi/11.3.1/../../../../arm-none-eabi/lib/thumb/v7e-m+fp/hard\libc_nano.a(libc_a-stdio.o) (_close_r)
D:/Software/STM32CubeIDE/STM32CubeIDE/plugins/com.st.stm32cube.ide.mcu.externaltools.gnu-tools-for-stm32.11.3.rel1.win32_1.1.0.202305231506/tools/bin/../lib/gcc/arm-none-eabi/11.3.1/../../../../arm-none-eabi/lib/thumb/v7e-m+fp/hard\libc_nano.a(libc_a-reent.o)
                              D:/Software/STM32CubeIDE/STM32CubeIDE/plugins/com.st.stm32cube.ide.mcu.externaltools.gnu-tools-for-stm32.11.3.rel1.win32_1.1.0.202305231506/tools/bin/../lib/gcc/arm-none-eabi/11.3.1/../../../../arm-none-eabi/lib/thumb/v7e-m+fp/hard\libc_nano.a(libc_a-closer.o) (errno)
D:/Software/STM32CubeIDE/STM32CubeIDE/plugins/com.st.stm32cube.ide.mcu.externaltools.gnu-tools-for-stm32.11.3.rel1.win32_1.1.0.202305231506/tools/bin/../lib/gcc/arm-none-eabi/11.3.1/../../../../arm-none-eabi/lib/thumb/v7e-m+fp/hard\libc_nano.a(libc_a-impure.o)
                              D:/Software/STM32CubeIDE/STM32CubeIDE/plugins/com.st.stm32cube.ide.mcu.externaltools.gnu-tools-for-stm32.11.3.rel1.win32_1.1.0.202305231506/tools/bin/../lib/gcc/arm-none-eabi/11.3.1/../../../../arm-none-eabi/lib/thumb/v7e-m+fp/hard\libc_nano.a(libc_a-reent.o) (_impure_ptr)
D:/Software/STM32CubeIDE/STM32CubeIDE/plugins/com.st.stm32cube.ide.mcu.externaltools.gnu-tools-for-stm32.11.3.rel1.win32_1.1.0.202305231506/tools/bin/../lib/gcc/arm-none-eabi/11.3.1/../../../../arm-none-eabi/lib/thumb/v7e-m+fp/hard\libc_nano.a(libc_a-lseekr.o)
[...]
Memory Configuration

Name             Origin             Length             Attributes
CCMSRAM          0x0000000010000000 0x0000000000008000 xrw
RAM              0x0000000020000000 0x0000000000020000 xrw
FLASH            0x0000000008000000 0x0000000000080000 xr
*default*        0x0000000000000000 0xffffffffffffffff

Linker script and memory map

LOAD D:/Software/STM32CubeIDE/STM32CubeIDE/plugins/com.st.stm32cube.ide.mcu.externaltools.gnu-tools-for-stm32.11.3.rel1.win32_1.1.0.202305231506/tools/bin/../lib/gcc/arm-none-eabi/11.3.1/thumb/v7e-m+fp/hard/crti.o
LOAD D:/Software/STM32CubeIDE/STM32CubeIDE/plugins/com.st.stm32cube.ide.mcu.externaltools.gnu-tools-for-stm32.11.3.rel1.win32_1.1.0.202305231506/tools/bin/../lib/gcc/arm-none-eabi/11.3.1/thumb/v7e-m+fp/hard/crtbegin.o
LOAD D:/Software/STM32CubeIDE/STM32CubeIDE/plugins/com.st.stm32cube.ide.mcu.externaltools.gnu-tools-for-stm32.11.3.rel1.win32_1.1.0.202305231506/tools/bin/../lib/gcc/arm-none-eabi/11.3.1/../../../../arm-none-eabi/lib/thumb/v7e-m+fp/hard/crt0.o
LOAD ./Src/main.o
LOAD ./Src/syscalls.o
LOAD ./Src/sysmem.o
LOAD ./Startup/startup_stm32g474retx.o
START GROUP
LOAD D:/Software/STM32CubeIDE/STM32CubeIDE/plugins/com.st.stm32cube.ide.mcu.externaltools.gnu-tools-for-stm32.11.3.rel1.win32_1.1.0.202305231506/tools/bin/../lib/gcc/arm-none-eabi/11.3.1/../../../../arm-none-eabi/lib/thumb/v7e-m+fp/hard\libc_nano.a
LOAD D:/Software/STM32CubeIDE/STM32CubeIDE/plugins/com.st.stm32cube.ide.mcu.externaltools.gnu-tools-for-stm32.11.3.rel1.win32_1.1.0.202305231506/tools/bin/../lib/gcc/arm-none-eabi/11.3.1/../../../../arm-none-eabi/lib/thumb/v7e-m+fp/hard\libm.a
END GROUP
START GROUP
LOAD D:/Software/STM32CubeIDE/STM32CubeIDE/plugins/com.st.stm32cube.ide.mcu.externaltools.gnu-tools-for-stm32.11.3.rel1.win32_1.1.0.202305231506/tools/bin/../lib/gcc/arm-none-eabi/11.3.1/thumb/v7e-m+fp/hard\libgcc.a
LOAD D:/Software/STM32CubeIDE/STM32CubeIDE/plugins/com.st.stm32cube.ide.mcu.externaltools.gnu-tools-for-stm32.11.3.rel1.win32_1.1.0.202305231506/tools/bin/../lib/gcc/arm-none-eabi/11.3.1/../../../../arm-none-eabi/lib/thumb/v7e-m+fp/hard\libc_nano.a
END GROUP
START GROUP
LOAD D:/Software/STM32CubeIDE/STM32CubeIDE/plugins/com.st.stm32cube.ide.mcu.externaltools.gnu-tools-for-stm32.11.3.rel1.win32_1.1.0.202305231506/tools/bin/../lib/gcc/arm-none-eabi/11.3.1/thumb/v7e-m+fp/hard\libgcc.a
LOAD D:/Software/STM32CubeIDE/STM32CubeIDE/plugins/com.st.stm32cube.ide.mcu.externaltools.gnu-tools-for-stm32.11.3.rel1.win32_1.1.0.202305231506/tools/bin/../lib/gcc/arm-none-eabi/11.3.1/../../../../arm-none-eabi/lib/thumb/v7e-m+fp/hard\libc_nano.a
LOAD D:/Software/STM32CubeIDE/STM32CubeIDE/plugins/com.st.stm32cube.ide.mcu.externaltools.gnu-tools-for-stm32.11.3.rel1.win32_1.1.0.202305231506/tools/bin/../lib/gcc/arm-none-eabi/11.3.1/../../../../arm-none-eabi/lib/thumb/v7e-m+fp/hard\libnosys.a
END GROUP
START GROUP
LOAD D:/Software/STM32CubeIDE/STM32CubeIDE/plugins/com.st.stm32cube.ide.mcu.externaltools.gnu-tools-for-stm32.11.3.rel1.win32_1.1.0.202305231506/tools/bin/../lib/gcc/arm-none-eabi/11.3.1/thumb/v7e-m+fp/hard\libgcc.a
LOAD D:/Software/STM32CubeIDE/STM32CubeIDE/plugins/com.st.stm32cube.ide.mcu.externaltools.gnu-tools-for-stm32.11.3.rel1.win32_1.1.0.202305231506/tools/bin/../lib/gcc/arm-none-eabi/11.3.1/../../../../arm-none-eabi/lib/thumb/v7e-m+fp/hard\libc_nano.a
LOAD D:/Software/STM32CubeIDE/STM32CubeIDE/plugins/com.st.stm32cube.ide.mcu.externaltools.gnu-tools-for-stm32.11.3.rel1.win32_1.1.0.202305231506/tools/bin/../lib/gcc/arm-none-eabi/11.3.1/../../../../arm-none-eabi/lib/thumb/v7e-m+fp/hard\libnosys.a
END GROUP
LOAD D:/Software/STM32CubeIDE/STM32CubeIDE/plugins/com.st.stm32cube.ide.mcu.externaltools.gnu-tools-for-stm32.11.3.rel1.win32_1.1.0.202305231506/tools/bin/../lib/gcc/arm-none-eabi/11.3.1/thumb/v7e-m+fp/hard/crtend.o
LOAD D:/Software/STM32CubeIDE/STM32CubeIDE/plugins/com.st.stm32cube.ide.mcu.externaltools.gnu-tools-for-stm32.11.3.rel1.win32_1.1.0.202305231506/tools/bin/../lib/gcc/arm-none-eabi/11.3.1/thumb/v7e-m+fp/hard/crtn.o
                0x0000000020020000                _estack = (ORIGIN (RAM) + LENGTH (RAM))
                0x0000000000000200                _Min_Heap_Size = 0x200
                0x0000000000000400                _Min_Stack_Size = 0x400

.isr_vector     0x0000000008000000      0x1d8
                0x0000000008000000                . = ALIGN (0x4)
 *(.isr_vector)
 .isr_vector    0x0000000008000000      0x1d8 ./Startup/startup_stm32g474retx.o
                0x0000000008000000                g_pfnVectors
                0x00000000080001d8                . = ALIGN (0x4)

.text           0x00000000080001d8      0x154
                0x00000000080001d8                . = ALIGN (0x4)
 *(.text)
 .text          0x00000000080001d8       0x40 D:/Software/STM32CubeIDE/STM32CubeIDE/plugins/com.st.stm32cube.ide.mcu.externaltools.gnu-tools-for-stm32.11.3.rel1.win32_1.1.0.202305231506/tools/bin/../lib/gcc/arm-none-eabi/11.3.1/thumb/v7e-m+fp/hard/crtbegin.o
 *(.text*)
 .text.main     0x0000000008000218       0x60 ./Src/main.o
                0x0000000008000218                main
 .text.Reset_Handler
                0x0000000008000278       0x50 ./Startup/startup_stm32g474retx.o
                0x0000000008000278                Reset_Handler
 .text.Default_Handler
                0x00000000080002c8        0x2 ./Startup/startup_stm32g474retx.o
                0x00000000080002c8                EXTI2_IRQHandler
                0x00000000080002c8                TIM8_TRG_COM_IRQHandler
                0x00000000080002c8                TIM8_CC_IRQHandler
                0x00000000080002c8                DMA2_CH8_IRQHandler
                0x00000000080002c8                DebugMon_Handler
                0x00000000080002c8                DMA1_CH4_IRQHandler
                0x00000000080002c8                SPI4_IRQHandler
                0x00000000080002c8                HRTIM_TIM_FLT_IRQn_IRQHandler
                0x00000000080002c8                FDCAN3_IT0_IRQHandler
                0x00000000080002c8                TIM1_CC_IRQHandler
                0x00000000080002c8                Cordic_IRQHandler
                0x00000000080002c8                HardFault_Handler
                0x00000000080002c8                USB_HP_IRQHandler
                0x00000000080002c8                SysTick_Handler
                0x00000000080002c8                PendSV_Handler
                0x00000000080002c8                NMI_Handler
                0x00000000080002c8                HRTIM_TIMD_IRQn_IRQHandler
                0x00000000080002c8                EXTI3_IRQHandler
                0x00000000080002c8                I2C3_ER_IRQHandler
                0x00000000080002c8                HRTIM_Master_IRQn_IRQHandler
                0x00000000080002c8                DMA1_CH8_IRQHandler
                0x00000000080002c8                TIM6_DACUNDER_IRQHandler
                0x00000000080002c8                EXTI0_IRQHandler
                0x00000000080002c8                I2C2_EV_IRQHandler
                0x00000000080002c8                DMA2_CH1_IRQHandler
                0x00000000080002c8                FDCAN1_IT1_IRQHandler
                0x00000000080002c8                TIM1_UP_TIM16_IRQHandler
                0x00000000080002c8                DMA2_CH7_IRQHandler
                0x00000000080002c8                UsageFault_Handler
                0x00000000080002c8                ADC1_2_IRQHandler
                0x00000000080002c8                SPI1_IRQHandler
                0x00000000080002c8                DMA1_CH7_IRQHandler
                0x00000000080002c8                HRTIM_TIMB_IRQn_IRQHandler
                0x00000000080002c8                TIM8_UP_IRQHandler
                0x00000000080002c8                USBWakeUP_IRQHandler
                0x00000000080002c8                RTC_ALARM_IRQHandler
                0x00000000080002c8                DMA1_CH6_IRQHandler
                0x00000000080002c8                TIM20_TRG_COM_IRQHandler
                0x00000000080002c8                USART3_IRQHandler
                0x00000000080002c8                LPUART_IRQHandler
                0x00000000080002c8                UART5_IRQHandler
                0x00000000080002c8                ADC3_IRQHandler
                0x00000000080002c8                TIM4_IRQHandler
                0x00000000080002c8                QUADSPI_IRQHandler
                0x00000000080002c8                I2C1_EV_IRQHandler
                0x00000000080002c8                DMA2_CH5_IRQHandler
                0x00000000080002c8                UART4_IRQHandler
                0x00000000080002c8                DMA1_CH3_IRQHandler
                0x00000000080002c8                TIM3_IRQHandler
                0x00000000080002c8                RCC_IRQHandler
                0x00000000080002c8                TIM20_UP_IRQHandler
                0x00000000080002c8                TIM1_TRG_COM_IRQHandler
                0x00000000080002c8                Default_Handler
                0x00000000080002c8                FMAC_IRQHandler
                0x00000000080002c8                EXTI15_10_IRQHandler
                0x00000000080002c8                TIM7_IRQHandler
                0x00000000080002c8                FDCAN3_IT1_IRQHandler
                0x00000000080002c8                TIM5_IRQHandler
                0x00000000080002c8                UCPD1_IRQHandler
                0x00000000080002c8                I2C3_EV_IRQHandler
                0x00000000080002c8                EXTI9_5_IRQHandler
                0x00000000080002c8                DMA1_CH2_IRQHandler
                0x00000000080002c8                RTC_WKUP_IRQHandler
                0x00000000080002c8                SAI_IRQHandler
                0x00000000080002c8                PVD_PVM_IRQHandler
                0x00000000080002c8                SPI2_IRQHandler
                0x00000000080002c8                DMA1_CH1_IRQHandler
                0x00000000080002c8                MemManage_Handler
                0x00000000080002c8                ADC5_IRQHandler
                0x00000000080002c8                SVC_Handler
                0x00000000080002c8                CRS_IRQHandler
                0x00000000080002c8                USB_LP_IRQHandler
                0x00000000080002c8                EXTI4_IRQHandler
                0x00000000080002c8                RNG_IRQHandler
                0x00000000080002c8                FDCAN2_IT1_IRQHandler
                0x00000000080002c8                HRTIM_TIMF_IRQn_IRQHandler
                0x00000000080002c8                ADC4_IRQHandler
                0x00000000080002c8                HRTIM_TIMA_IRQn_IRQHandler
                0x00000000080002c8                WWDG_IRQHandler
                0x00000000080002c8                I2C4_EV_IRQHandler
                0x00000000080002c8                FDCAN2_IT0_IRQHandler
                0x00000000080002c8                FDCAN1_IT0_IRQHandler
                0x00000000080002c8                TIM2_IRQHandler
                0x00000000080002c8                COMP7_IRQHandler
                0x00000000080002c8                COMP1_2_3_IRQHandler
                0x00000000080002c8                EXTI1_IRQHandler
                0x00000000080002c8                HRTIM_TIMC_IRQn_IRQHandler
                0x00000000080002c8                USART2_IRQHandler
                0x00000000080002c8                COMP4_5_6_IRQHandler
                0x00000000080002c8                TIM20_BRK_IRQHandler
                0x00000000080002c8                I2C2_ER_IRQHandler
                0x00000000080002c8                TIM8_BRK_IRQHandler
                0x00000000080002c8                FLASH_IRQHandler
                0x00000000080002c8                TIM20_CC_IRQHandler
                0x00000000080002c8                BusFault_Handler
                0x00000000080002c8                USART1_IRQHandler
                0x00000000080002c8                SPI3_IRQHandler
                0x00000000080002c8                DMA2_CH6_IRQHandler
                0x00000000080002c8                DMA2_CH3_IRQHandler
                0x00000000080002c8                DMA2_CH2_IRQHandler
                0x00000000080002c8                I2C1_ER_IRQHandler
                0x00000000080002c8                FMC_IRQHandler
                0x00000000080002c8                DMA1_CH5_IRQHandler
                0x00000000080002c8                DMA2_CH4_IRQHandler
                0x00000000080002c8                LPTIM1_IRQHandler
                0x00000000080002c8                DMAMUX_OVR_IRQHandler
                0x00000000080002c8                I2C4_ER_IRQHandler
                0x00000000080002c8                HRTIM_TIME_IRQn_IRQHandler
                0x00000000080002c8                RTC_TAMP_CSS_LSE_IRQHandler
                0x00000000080002c8                TIM1_BRK_TIM15_IRQHandler
 *fill*         0x00000000080002ca        0x2 
 .text.__libc_init_array
                0x00000000080002cc       0x48 D:/Software/STM32CubeIDE/STM32CubeIDE/plugins/com.st.stm32cube.ide.mcu.externaltools.gnu-tools-for-stm32.11.3.rel1.win32_1.1.0.202305231506/tools/bin/../lib/gcc/arm-none-eabi/11.3.1/../../../../arm-none-eabi/lib/thumb/v7e-m+fp/hard\libc_nano.a(libc_a-init.o)
                0x00000000080002cc                __libc_init_array
 *(.glue_7)
 .glue_7        0x0000000008000314        0x0 linker stubs
 *(.glue_7t)
 .glue_7t       0x0000000008000314        0x0 linker stubs
 *(.eh_frame)
 .eh_frame      0x0000000008000314        0x0 D:/Software/STM32CubeIDE/STM32CubeIDE/plugins/com.st.stm32cube.ide.mcu.externaltools.gnu-tools-for-stm32.11.3.rel1.win32_1.1.0.202305231506/tools/bin/../lib/gcc/arm-none-eabi/11.3.1/thumb/v7e-m+fp/hard/crtbegin.o
 *(.init)
 .init          0x0000000008000314        0x4 D:/Software/STM32CubeIDE/STM32CubeIDE/plugins/com.st.stm32cube.ide.mcu.externaltools.gnu-tools-for-stm32.11.3.rel1.win32_1.1.0.202305231506/tools/bin/../lib/gcc/arm-none-eabi/11.3.1/thumb/v7e-m+fp/hard/crti.o
                0x0000000008000314                _init
 .init          0x0000000008000318        0x8 D:/Software/STM32CubeIDE/STM32CubeIDE/plugins/com.st.stm32cube.ide.mcu.externaltools.gnu-tools-for-stm32.11.3.rel1.win32_1.1.0.202305231506/tools/bin/../lib/gcc/arm-none-eabi/11.3.1/thumb/v7e-m+fp/hard/crtn.o
 *(.fini)
 .fini          0x0000000008000320        0x4 D:/Software/STM32CubeIDE/STM32CubeIDE/plugins/com.st.stm32cube.ide.mcu.externaltools.gnu-tools-for-stm32.11.3.rel1.win32_1.1.0.202305231506/tools/bin/../lib/gcc/arm-none-eabi/11.3.1/thumb/v7e-m+fp/hard/crti.o
                0x0000000008000320                _fini
 .fini          0x0000000008000324        0x8 D:/Software/STM32CubeIDE/STM32CubeIDE/plugins/com.st.stm32cube.ide.mcu.externaltools.gnu-tools-for-stm32.11.3.rel1.win32_1.1.0.202305231506/tools/bin/../lib/gcc/arm-none-eabi/11.3.1/thumb/v7e-m+fp/hard/crtn.o
                0x000000000800032c                . = ALIGN (0x4)
                0x000000000800032c                _etext = .

.vfp11_veneer   0x000000000800032c        0x0
 .vfp11_veneer  0x000000000800032c        0x0 linker stubs

.v4_bx          0x000000000800032c        0x0
 .v4_bx         0x000000000800032c        0x0 linker stubs

.iplt           0x000000000800032c        0x0
 .iplt          0x000000000800032c        0x0 D:/Software/STM32CubeIDE/STM32CubeIDE/plugins/com.st.stm32cube.ide.mcu.externaltools.gnu-tools-for-stm32.11.3.rel1.win32_1.1.0.202305231506/tools/bin/../lib/gcc/arm-none-eabi/11.3.1/thumb/v7e-m+fp/hard/crtbegin.o

.rel.dyn        0x000000000800032c        0x0
 .rel.iplt      0x000000000800032c        0x0 D:/Software/STM32CubeIDE/STM32CubeIDE/plugins/com.st.stm32cube.ide.mcu.externaltools.gnu-tools-for-stm32.11.3.rel1.win32_1.1.0.202305231506/tools/bin/../lib/gcc/arm-none-eabi/11.3.1/thumb/v7e-m+fp/hard/crtbegin.o

.rodata         0x000000000800032c        0x0
                0x000000000800032c                . = ALIGN (0x4)
 *(.rodata)
 *(.rodata*)
                0x000000000800032c                . = ALIGN (0x4)

.ARM.extab      0x000000000800032c        0x0
                0x000000000800032c                . = ALIGN (0x4)
 *(.ARM.extab* .gnu.linkonce.armextab.*)
                0x000000000800032c                . = ALIGN (0x4)

.ARM            0x000000000800032c        0x0
                0x000000000800032c                . = ALIGN (0x4)
                0x000000000800032c                __exidx_start = .
 *(.ARM.exidx*)
                0x000000000800032c                __exidx_end = .
                0x000000000800032c                . = ALIGN (0x4)

.preinit_array  0x000000000800032c        0x0
                0x000000000800032c                . = ALIGN (0x4)
                0x000000000800032c                PROVIDE (__preinit_array_start = .)
 *(.preinit_array*)
                0x000000000800032c                PROVIDE (__preinit_array_end = .)
                0x000000000800032c                . = ALIGN (0x4)

.init_array     0x000000000800032c        0x4
                0x000000000800032c                . = ALIGN (0x4)
                0x000000000800032c                PROVIDE (__init_array_start = .)
 *(SORT_BY_NAME(.init_array.*))
 *(.init_array*)
 .init_array    0x000000000800032c        0x4 D:/Software/STM32CubeIDE/STM32CubeIDE/plugins/com.st.stm32cube.ide.mcu.externaltools.gnu-tools-for-stm32.11.3.rel1.win32_1.1.0.202305231506/tools/bin/../lib/gcc/arm-none-eabi/11.3.1/thumb/v7e-m+fp/hard/crtbegin.o
                0x0000000008000330                PROVIDE (__init_array_end = .)
                0x0000000008000330                . = ALIGN (0x4)

.fini_array     0x0000000008000330        0x4
                0x0000000008000330                . = ALIGN (0x4)
                [!provide]                        PROVIDE (__fini_array_start = .)
 *(SORT_BY_NAME(.fini_array.*))
 *(.fini_array*)
 .fini_array    0x0000000008000330        0x4 D:/Software/STM32CubeIDE/STM32CubeIDE/plugins/com.st.stm32cube.ide.mcu.externaltools.gnu-tools-for-stm32.11.3.rel1.win32_1.1.0.202305231506/tools/bin/../lib/gcc/arm-none-eabi/11.3.1/thumb/v7e-m+fp/hard/crtbegin.o
                [!provide]                        PROVIDE (__fini_array_end = .)
                0x0000000008000334                . = ALIGN (0x4)
                0x0000000008000334                _sidata = LOADADDR (.data)

.data           0x0000000020000000        0x0 load address 0x0000000008000334
                0x0000000020000000                . = ALIGN (0x4)
                0x0000000020000000                _sdata = .
 *(.data)
 *(.data*)
 *(.RamFunc)
 *(.RamFunc*)
                0x0000000020000000                . = ALIGN (0x4)
                0x0000000020000000                _edata = .
                0x0000000008000334                _siccmsram = LOADADDR (.ccmsram)

.igot.plt       0x0000000020000000        0x0 load address 0x0000000008000334
 .igot.plt      0x0000000020000000        0x0 D:/Software/STM32CubeIDE/STM32CubeIDE/plugins/com.st.stm32cube.ide.mcu.externaltools.gnu-tools-for-stm32.11.3.rel1.win32_1.1.0.202305231506/tools/bin/../lib/gcc/arm-none-eabi/11.3.1/thumb/v7e-m+fp/hard/crtbegin.o

.ccmsram        0x0000000010000000        0x0 load address 0x0000000008000334
                0x0000000010000000                . = ALIGN (0x4)
                0x0000000010000000                _sccmsram = .
 *(.ccmsram)
 *(.ccmsram*)
                0x0000000010000000                . = ALIGN (0x4)
                0x0000000010000000                _eccmsram = .
                0x0000000010000000                . = ALIGN (0x4)

.bss            0x0000000020000000       0x1c
                0x0000000020000000                _sbss = .
                0x0000000020000000                __bss_start__ = _sbss
 *(.bss)
 .bss           0x0000000020000000       0x1c D:/Software/STM32CubeIDE/STM32CubeIDE/plugins/com.st.stm32cube.ide.mcu.externaltools.gnu-tools-for-stm32.11.3.rel1.win32_1.1.0.202305231506/tools/bin/../lib/gcc/arm-none-eabi/11.3.1/thumb/v7e-m+fp/hard/crtbegin.o
 *(.bss*)
 *(COMMON)
                0x000000002000001c                . = ALIGN (0x4)
                0x000000002000001c                _ebss = .
                0x000000002000001c                __bss_end__ = _ebss

._user_heap_stack
                0x000000002000001c      0x604
                0x0000000020000020                . = ALIGN (0x8)
 *fill*         0x000000002000001c        0x4 
                [!provide]                        PROVIDE (end = .)
                0x0000000020000020                PROVIDE (_end = .)
                0x0000000020000220                . = (. + _Min_Heap_Size)
 *fill*         0x0000000020000020      0x200 
                0x0000000020000620                . = (. + _Min_Stack_Size)
 *fill*         0x0000000020000220      0x400 
                0x0000000020000620                . = ALIGN (0x8)

/DISCARD/
 libc.a(*)
 libm.a(*)
 libgcc.a(*)

.ARM.attributes
                0x0000000000000000       0x30
 *(.ARM.attributes)
 .ARM.attributes
                0x0000000000000000       0x1e D:/Software/STM32CubeIDE/STM32CubeIDE/plugins/com.st.stm32cube.ide.mcu.externaltools.gnu-tools-for-stm32.11.3.rel1.win32_1.1.0.202305231506/tools/bin/../lib/gcc/arm-none-eabi/11.3.1/thumb/v7e-m+fp/hard/crti.o
 .ARM.attributes
                0x000000000000001e       0x34 D:/Software/STM32CubeIDE/STM32CubeIDE/plugins/com.st.stm32cube.ide.mcu.externaltools.gnu-tools-for-stm32.11.3.rel1.win32_1.1.0.202305231506/tools/bin/../lib/gcc/arm-none-eabi/11.3.1/thumb/v7e-m+fp/hard/crtbegin.o
 .ARM.attributes
                0x0000000000000052       0x34 ./Src/main.o
 .ARM.attributes
                0x0000000000000086       0x21 ./Startup/startup_stm32g474retx.o
 .ARM.attributes
                0x00000000000000a7       0x34 D:/Software/STM32CubeIDE/STM32CubeIDE/plugins/com.st.stm32cube.ide.mcu.externaltools.gnu-tools-for-stm32.11.3.rel1.win32_1.1.0.202305231506/tools/bin/../lib/gcc/arm-none-eabi/11.3.1/../../../../arm-none-eabi/lib/thumb/v7e-m+fp/hard\libc_nano.a(libc_a-init.o)
 .ARM.attributes
                0x00000000000000db       0x1e D:/Software/STM32CubeIDE/STM32CubeIDE/plugins/com.st.stm32cube.ide.mcu.externaltools.gnu-tools-for-stm32.11.3.rel1.win32_1.1.0.202305231506/tools/bin/../lib/gcc/arm-none-eabi/11.3.1/thumb/v7e-m+fp/hard/crtn.o
OUTPUT(blinky.elf elf32-littlearm)
LOAD linker stubs
LOAD D:/Software/STM32CubeIDE/STM32CubeIDE/plugins/com.st.stm32cube.ide.mcu.externaltools.gnu-tools-for-stm32.11.3.rel1.win32_1.1.0.202305231506/tools/bin/../lib/gcc/arm-none-eabi/11.3.1/../../../../arm-none-eabi/lib/thumb/v7e-m+fp/hard\libc.a
LOAD D:/Software/STM32CubeIDE/STM32CubeIDE/plugins/com.st.stm32cube.ide.mcu.externaltools.gnu-tools-for-stm32.11.3.rel1.win32_1.1.0.202305231506/tools/bin/../lib/gcc/arm-none-eabi/11.3.1/../../../../arm-none-eabi/lib/thumb/v7e-m+fp/hard\libm.a
LOAD D:/Software/STM32CubeIDE/STM32CubeIDE/plugins/com.st.stm32cube.ide.mcu.externaltools.gnu-tools-for-stm32.11.3.rel1.win32_1.1.0.202305231506/tools/bin/../lib/gcc/arm-none-eabi/11.3.1/thumb/v7e-m+fp/hard\libgcc.a

.comment        0x0000000000000000       0x43
 .comment       0x0000000000000000       0x43 D:/Software/STM32CubeIDE/STM32CubeIDE/plugins/com.st.stm32cube.ide.mcu.externaltools.gnu-tools-for-stm32.11.3.rel1.win32_1.1.0.202305231506/tools/bin/../lib/gcc/arm-none-eabi/11.3.1/thumb/v7e-m+fp/hard/crtbegin.o
                                         0x44 (size before relaxing)
 .comment       0x0000000000000043       0x44 ./Src/main.o

.debug_info     0x0000000000000000       0x87
 .debug_info    0x0000000000000000       0x64 ./Src/main.o
 .debug_info    0x0000000000000064       0x23 ./Startup/startup_stm32g474retx.o

.debug_abbrev   0x0000000000000000       0x6a
 .debug_abbrev  0x0000000000000000       0x58 ./Src/main.o
 .debug_abbrev  0x0000000000000058       0x12 ./Startup/startup_stm32g474retx.o

.debug_aranges  0x0000000000000000       0x48
 .debug_aranges
                0x0000000000000000       0x20 ./Src/main.o
 .debug_aranges
                0x0000000000000020       0x28 ./Startup/startup_stm32g474retx.o

.debug_rnglists
                0x0000000000000000       0x2c
 .debug_rnglists
                0x0000000000000000       0x13 ./Src/main.o
 .debug_rnglists
                0x0000000000000013       0x19 ./Startup/startup_stm32g474retx.o

.debug_macro    0x0000000000000000      0xb31
 .debug_macro   0x0000000000000000       0x7d ./Src/main.o
 .debug_macro   0x000000000000007d      0xab4 ./Src/main.o

.debug_line     0x0000000000000000       0xdb
 .debug_line    0x0000000000000000       0x60 ./Src/main.o
 .debug_line    0x0000000000000060       0x7b ./Startup/startup_stm32g474retx.o

.debug_str      0x0000000000000000     0x307d
 .debug_str     0x0000000000000000     0x304e ./Src/main.o
 .debug_str     0x000000000000304e       0x2f ./Startup/startup_stm32g474retx.o
                                         0x5e (size before relaxing)

.debug_frame    0x0000000000000000       0x58
 .debug_frame   0x0000000000000000       0x2c ./Src/main.o
 .debug_frame   0x000000000000002c       0x2c D:/Software/STM32CubeIDE/STM32CubeIDE/plugins/com.st.stm32cube.ide.mcu.externaltools.gnu-tools-for-stm32.11.3.rel1.win32_1.1.0.202305231506/tools/bin/../lib/gcc/arm-none-eabi/11.3.1/../../../../arm-none-eabi/lib/thumb/v7e-m+fp/hard\libc_nano.a(libc_a-init.o)

.debug_line_str
                0x0000000000000000       0x52
 .debug_line_str
                0x0000000000000000       0x52 ./Startup/startup_stm32g474retx.o
                                         0x6a (size before relaxing)
